[cat13] dropped 190 ambiguous probe candidate(s) claimed by >1 concept
# BrainBench Cat 13 — Conceptual Recall

Generated: 2026-09-09T05:16:22
Corpus: 240 pages, 30 concept pages
Probes: 548 (target 500 per-concept + company pass; CAT13_PROBES env var to override)
Embeds: live — voyage:voyage-4 @ 1024d (every adapter, one gateway)
Search pins (gbrain-backed adapters): search.mode=balanced search.reranker.enabled=false search.autocut=false search.metadata_boost_gate=always search.expansion=false search.cache.enabled=false search.relational_rerank_pin=3 search.adaptive_return=false
Concept split: seed=42 tuning=20 held-out=10 → probes tuning=359 held-out=181 mixed=8 unassigned=0
Metric: nDCG@5 (graded: target=3, co-occurrence peer=1)

## Template breakdown

- synonym: 159
- body-fuzzy: 97
- title-paraphrase: 81
- title-variation: 75
- synonym-fuzzy: 49
- company-neighborhood: 38
- description-paraphrase: 34
- semantic-neighborhood: 15

## Running adapters

- gbrain ...
  Setting up brain schema (v145)...
  v142: takes.embedding resized to vector(1024); existing take vectors cleared
  140 migration(s) applied
[extract.links_db] start
[extract.links_db] 10/240 (4%)
[extract.links_db] 20/240 (8%)
[extract.links_db] 30/240 (12%)
[extract.links_db] 40/240 (16%)
[extract.links_db] 50/240 (20%)
[extract.links_db] 60/240 (25%)
[extract.links_db] 70/240 (29%)
[extract.links_db] 80/240 (33%)
[extract.links_db] 90/240 (37%)
[extract.links_db] 100/240 (41%)
[extract.links_db] 110/240 (45%)
[extract.links_db] 120/240 (50%)
[extract.links_db] 130/240 (54%)
[extract.links_db] 140/240 (58%)
[extract.links_db] 150/240 (62%)
[extract.links_db] 160/240 (66%)
[extract.links_db] 170/240 (70%)
[extract.links_db] 180/240 (75%)
[extract.links_db] 190/240 (79%)
[extract.links_db] 200/240 (83%)
[extract.links_db] 210/240 (87%)
[extract.links_db] 220/240 (91%)
[extract.links_db] 230/240 (95%)
[extract.links_db] 240/240 (100%)
[extract.links_db] 240/240 (100%) done
[extract.timeline_db] start
[extract.timeline_db] 10/240 (4%)
[extract.timeline_db] 20/240 (8%)
[extract.timeline_db] 30/240 (12%)
[extract.timeline_db] 40/240 (16%)
[extract.timeline_db] 50/240 (20%)
[extract.timeline_db] 60/240 (25%)
[extract.timeline_db] 70/240 (29%)
[extract.timeline_db] 80/240 (33%)
[extract.timeline_db] 90/240 (37%)
[extract.timeline_db] 100/240 (41%)
[extract.timeline_db] 110/240 (45%)
[extract.timeline_db] 120/240 (50%)
[extract.timeline_db] 130/240 (54%)
[extract.timeline_db] 140/240 (58%)
[extract.timeline_db] 150/240 (62%)
[extract.timeline_db] 160/240 (66%)
[extract.timeline_db] 170/240 (70%)
[extract.timeline_db] 180/240 (75%)
[extract.timeline_db] 190/240 (79%)
[extract.timeline_db] 200/240 (83%)
[extract.timeline_db] 210/240 (87%)
[extract.timeline_db] 220/240 (91%)
[extract.timeline_db] 230/240 (95%)
[extract.timeline_db] 240/240 (100%)
[extract.timeline_db] 240/240 (100%) done
  done (191.8s). nDCG@5=50.7%, P@5(graded)=24.2%, P@1(strict)=51.3%

## Scorecard

| Adapter | nDCG@5 | P@5 (graded) | P@1 (strict target) | Wall (s) |
|---------|--------|---------------|----------------------|----------|
| gbrain           | 50.7% | 24.2% | 51.3% | 191.8 |

## Per-template nDCG@5 (where each retrieval style earns its keep)

| Template | gbrain | #probes |
|----------|--------|---------|
| body-fuzzy | 15.9% | 97 |
| company-neighborhood | 15.4% | 38 |
| description-paraphrase | 75.2% | 34 |
| semantic-neighborhood | 64.5% | 15 |
| synonym | 59.1% | 159 |
| synonym-fuzzy | 61.2% | 49 |
| title-paraphrase | 62.7% | 81 |
| title-variation | 62.4% | 75 |

## Concept split — tuning vs held-out (seed=42, 20/10 concepts)

| Adapter | Subset | #probes | nDCG@5 | P@5 (graded) | P@1 (strict target) |
|---------|--------|---------|--------|---------------|----------------------|
| gbrain           | tuning | 359 | 50.6% | 25.5% | 54.0% |
| gbrain           | held-out | 181 | 52.9% | 21.8% | 48.1% |

Mixed-target probes (gold names concepts from both sets) are excluded from both subsets: 8. Unassigned (targets outside both sets): 0.
Held-out concepts: concepts/community-led-growth, concepts/developer-relations, concepts/enterprise-gtm, concepts/gross-margin-expansion, concepts/horizontal-api, concepts/open-source-distribution, concepts/permitting-reform, concepts/revenue-durability, concepts/vertical-saas, concepts/wallet-share

## Per-template nDCG@5 — tuning concepts

| Template | gbrain | #probes |
|----------|--------|---------|
| body-fuzzy | 17.2% | 63 |
| company-neighborhood | 16.6% | 19 |
| description-paraphrase | 73.0% | 22 |
| semantic-neighborhood | 63.3% | 11 |
| synonym | 58.0% | 104 |
| synonym-fuzzy | 60.0% | 34 |
| title-paraphrase | 61.0% | 58 |
| title-variation | 59.2% | 48 |

## Per-template nDCG@5 — held-out concepts (decision set)

| Template | gbrain | #probes |
|----------|--------|---------|
| body-fuzzy | 13.6% | 34 |
| company-neighborhood | 17.3% | 11 |
| description-paraphrase | 79.3% | 12 |
| semantic-neighborhood | 67.9% | 4 |
| synonym | 61.2% | 55 |
| synonym-fuzzy | 63.8% | 15 |
| title-paraphrase | 66.9% | 23 |
| title-variation | 68.1% | 27 |

## Methodology

- Corpus: eval/data/world-v1/concepts__*.json (30 concept pages) + the full world-v1 index.
- Probes: programmatic, seeded (mulberry32 seed=42, Fisher-Yates sampling). Rerun produces the identical set across JS runtimes.
- Probe texts are globally unique: ambiguous candidates (same text claimable by >1 concept) are dropped at generation and the run aborts on any surviving duplicate.
- Graded gold: target concept=3, co-occurrence peers (share >=1 related company/person)=1. Company-neighborhood probes: every concept listing the company=3, the company page=1.
- Template mix: title paraphrase, title variation, description paraphrase, hand-authored synonyms, body-phrase fuzzy recall, semantic neighborhood (self-grounded), company neighborhood (global pass).
- Metric: nDCG@5 (primary, shared eval/runner/metrics.ts). P@5-graded = precision@5 against the grade>=1 set. P@1-strict = rank-1 is in the grade-3 target set.
- Top-K: 5.
- Embedder: voyage:voyage-4 @ 1024d for EVERY adapter (CAT13_EMBEDDING_MODEL / CAT13_EMBED_DIMS); the receipt records the gateway state after each adapter's init.
- Search pins on gbrain-backed adapters (gbrain, vector-grep-rrf-fusion): search.mode=balanced, search.reranker.enabled=false, search.autocut=false, search.metadata_boost_gate=always, search.expansion=false, search.cache.enabled=false, search.relational_rerank_pin=3, search.adaptive_return=false — set via engine.setConfig before ingest, echoed per adapter.
- Concept split: seeded Fisher-Yates over the sorted concept slugs (seed=42, separate rng from the probe generator); 20 tuning / 10 held-out. A probe is in a subset only when every grade-3 target is.
- Generic pins (--search-pin): search.metadata_boost_gate=always, search.expansion=false, search.cache.enabled=false, search.relational_rerank_pin=3, search.adaptive_return=false on the gbrain-backed adapters — pass-through engine.setConfig entries. gbrain ignores unknown search.* keys silently, so confirm each key exists in the linked gbrain (0.48.4.0) before reading this arm.
- No gold data passed to adapters; PublicPage/PublicQuery sealed at the boundary.

[cat13] run_status=completed verdict=partial n_scored=548/548
